O:8:"stdClass":2:{s:8:"provider";a:1:{i:0;O:8:"stdClass":1:{s:3:"aws";a:1:{i:0;O:8:"stdClass":3:{s:10:"access_key";s:17:"${var.access_key}";s:6:"region";s:13:"${var.region}";s:10:"secret_key";s:17:"${var.secret_key}";}}}}s:8:"resource";a:1:{i:0;O:8:"stdClass":1:{s:12:"aws_instance";a:1:{i:0;O:8:"stdClass":1:{s:7:"example";a:1:{i:0;O:8:"stdClass":2:{s:3:"ami";s:12:"ami-2757f631";s:13:"instance_type";s:8:"t2.micro";}}}}}}}